.next/types/app/(dashboard)/mentorship/session/[bookingId]/page.ts(34,29): error TS2344: Type 'SessionPageProps' does not satisfy the constraint 'PageProps'.
  Types of property 'params' are incompatible.
    Type '{ bookingId: string; }' is missing the following properties from type 'Promise<any>': then, catch, finally, [Symbol.toStringTag]
.next/types/app/api/mentorship/[slug]/availability/route.ts(49,7): error TS2344: Type '{ __tag__: "GET"; __param_position__: "second"; __param_type__: { params: { slug: string; }; }; }' does not satisfy the constraint 'ParamCheck<RouteContext>'.
  The types of '__param_type__.params' are incompatible between these types.
    Type '{ slug: string; }' is missing the following properties from type 'Promise<any>': then, catch, finally, [Symbol.toStringTag]
.next/types/app/api/students/[id]/route.ts(49,7): error TS2344: Type '{ __tag__: "GET"; __param_position__: "second"; __param_type__: { params: { id: string; }; }; }' does not satisfy the constraint 'ParamCheck<RouteContext>'.
  The types of '__param_type__.params' are incompatible between these types.
    Type '{ id: string; }' is missing the following properties from type 'Promise<any>': then, catch, finally, [Symbol.toStringTag]
.next/types/validator.ts(1377,31): error TS2344: Type 'typeof import("C:/Users/John/Projects/DentiSpark-Backup/dentispark-frontend-main/src/app/api/mentorship/[slug]/availability/route")' does not satisfy the constraint 'RouteHandlerConfig<"/api/mentorship/[slug]/availability">'.
  Types of property 'GET' are incompatible.
    Type '(req: Request, { params }: { params: { slug: string; }; }) => Promise<NextResponse<{ error: string; }> | NextResponse<{ availability: LooseRecord; bookedSlots: { date: string; time: string; }[]; }>>' is not assignable to type '(request: NextRequest, context: { params: Promise<{ slug: string; }>; }) => void | Response | Promise<void | Response>'.
      Types of parameters '__1' and 'context' are incompatible.
        Type '{ params: Promise<{ slug: string; }>; }' is not assignable to type '{ params: { slug: string; }; }'.
          Types of property 'params' are incompatible.
            Property 'slug' is missing in type 'Promise<{ slug: string; }>' but required in type '{ slug: string; }'.
.next/types/validator.ts(1413,31): error TS2344: Type 'typeof import("C:/Users/John/Projects/DentiSpark-Backup/dentispark-frontend-main/src/app/api/students/[id]/route")' does not satisfy the constraint 'RouteHandlerConfig<"/api/students/[id]">'.
  Types of property 'GET' are incompatible.
    Type '(_req: Request, { params }: { params: { id: string; }; }) => Promise<NextResponse<{ responseCode: string; responseMessage: string; errors: string[]; success: boolean; }> | NextResponse<{ responseCode: string; responseMessage: string; responseData: { ...; }; success: boolean; }>>' is not assignable to type '(request: NextRequest, context: { params: Promise<{ id: string; }>; }) => void | Response | Promise<void | Response>'.
      Types of parameters '__1' and 'context' are incompatible.
        Type '{ params: Promise<{ id: string; }>; }' is not assignable to type '{ params: { id: string; }; }'.
          Types of property 'params' are incompatible.
            Property 'id' is missing in type 'Promise<{ id: string; }>' but required in type '{ id: string; }'.
src/app/(auth)/mentor/login/page.tsx(106,60): error TS2322: Type '{ children: string; href: string; size: string; className: string; }' is not assignable to type 'IntrinsicAttributes & Omit<AnchorHTMLAttributes<HTMLAnchorElement>, keyof LinkProps<any>> & LinkProps<...> & { ...; } & RefAttributes<...>'.
  Property 'size' does not exist on type 'IntrinsicAttributes & Omit<AnchorHTMLAttributes<HTMLAnchorElement>, keyof LinkProps<any>> & LinkProps<...> & { ...; } & RefAttributes<...>'.
src/app/(dashboard)/admin/content/services/page.tsx(30,17): error TS2769: No overload matches this call.
  Overload 1 of 2, '(props: InitiateOrderModalProps, context?: any): string | number | bigint | boolean | ReactElement<unknown, string | JSXElementConstructor<any>> | ... 4 more ... | undefined', gave the following error.
    Type 'LooseRecord | null' is not assignable to type 'LooseRecord'.
      Type 'null' is not assignable to type 'LooseRecord'.
  Overload 2 of 2, '(props: InitiateOrderModalProps): string | number | bigint | boolean | ReactElement<unknown, string | JSXElementConstructor<any>> | ... 4 more ... | undefined', gave the following error.
    Type 'LooseRecord | null' is not assignable to type 'LooseRecord'.
      Type 'null' is not assignable to type 'LooseRecord'.
src/app/(dashboard)/ai-hub/study-planner/page.tsx(77,16): error TS18046: 'error' is of type 'unknown'.
src/app/(dashboard)/ai-hub/study-planner/page.tsx(242,28): error TS2339: Property 'materials' does not exist on type '{}'.
src/app/(dashboard)/ai-hub/study-planner/page.tsx(253,28): error TS2339: Property 'tips' does not exist on type '{}'.
src/app/(dashboard)/ai-hub/transcript-parser/page.tsx(286,17): error TS2322: Type 'unknown' is not assignable to type 'ReactNode'.
src/app/(dashboard)/ai-hub/war-room/page.tsx(100,74): error TS2339: Property 'readinessScore' does not exist on type '{}'.
src/app/(dashboard)/dashboard/mentor/[slug]/page.tsx(33,7): error TS2741: Property 'availability' is missing in type 'Mentor' but required in type 'MentorProfile'.
src/app/(dashboard)/mentorship/[slug]/booking-confirmed/page.tsx(9,22): error TS7016: Could not find a declaration file for module 'canvas-confetti'. 'C:/Users/John/Projects/DentiSpark-Backup/dentispark-frontend-main/node_modules/canvas-confetti/src/confetti.js' implicitly has an 'any' type.
  Try `npm i --save-dev @types/canvas-confetti` if it exists or add a new declaration (.d.ts) file containing `declare module 'canvas-confetti';`
src/app/(website)/mentor/[slug]/page.tsx(32,7): error TS2741: Property 'availability' is missing in type 'Mentor' but required in type 'MentorProfile'.
src/app/api/mentorship/bookings/route.ts(52,13): error TS2353: Object literal may only specify known properties, and 'hid' does not exist in type 'MentorProfileWhereInput'.
src/app/api/mentorship/bookings/route.ts(77,37): error TS2339: Property 'user' does not exist on type 'GetResult<{ id: string; userId: string; title: string; credentials: string; bio: string; specialties: string[]; hourlyRate: number; currency: string; stripeAccountId: string | null; isVerified: boolean; isAvailable: boolean; availability: JsonValue; }, unknown> & {}'.
src/components/layouts/header.tsx(115,7): error TS2322: Type '{ hidden: { y: number; opacity: number; }; visible: { y: number; opacity: number; transition: { duration: number; ease: number[]; staggerChildren: number; }; }; }' is not assignable to type 'Variants'.
  Property 'visible' is incompatible with index signature.
    Type '{ y: number; opacity: number; transition: { duration: number; ease: number[]; staggerChildren: number; }; }' is not assignable to type 'Variant'.
      Type '{ y: number; opacity: number; transition: { duration: number; ease: number[]; staggerChildren: number; }; }' is not assignable to type 'TargetAndTransition'.
        Type '{ y: number; opacity: number; transition: { duration: number; ease: number[]; staggerChildren: number; }; }' is not assignable to type '{ transition?: Transition<any> | undefined; transitionEnd?: ResolvedValues$1 | undefined; }'.
          Types of property 'transition' are incompatible.
            Type '{ duration: number; ease: number[]; staggerChildren: number; }' is not assignable to type 'Transition<any> | undefined'.
              Type '{ duration: number; ease: number[]; staggerChildren: number; }' is not assignable to type 'TransitionWithValueOverrides<any>'.
                Type '{ duration: number; ease: number[]; staggerChildren: number; }' is not assignable to type 'ValueAnimationTransition<any>'.
                  Types of property 'ease' are incompatible.
                    Type 'number[]' is not assignable to type 'Easing | Easing[] | undefined'.
                      Type 'number[]' is not assignable to type 'EasingFunction | Easing[]'.
                        Type 'number[]' is not assignable to type 'Easing[]'.
                          Type 'number' is not assignable to type 'Easing'.
src/features/(auth)/components/signup-flow.tsx(72,11): error TS2339: Property 'loginWithGoogle' does not exist on type '{ signInWithGoogle: () => void; }'.
src/features/(auth)/components/signup-flow.tsx(72,31): error TS2554: Expected 1 arguments, but got 0.
src/features/(auth)/components/signup-flow.tsx(98,42): error TS2352: Conversion of type 'SignupFormData' to type 'SignupRequest' may be a mistake because neither type sufficiently overlaps with the other. If this was intentional, convert the expression to 'unknown' first.
  Type 'SignupFormData' is missing the following properties from type 'SignupRequest': emailAddress, firstName, lastName, memberType
src/features/(dashboard)/admin/components/admin-profile-view.tsx(357,22): error TS2604: JSX element type 'Icon' does not have any construct or call signatures.
src/features/(dashboard)/admin/components/admin-profile-view.tsx(357,22): error TS2786: 'Icon' cannot be used as a JSX component.
  Its type 'LooseRecord' is not a valid JSX element type.
src/features/(dashboard)/admin/components/mentor-profile-view.tsx(139,41): error TS2353: Object literal may only specify known properties, and 'participantEmailAddresses' does not exist in type 'UpsertPeerConversationRequest'.
src/features/(dashboard)/admin/components/standalone-initiate-order-modal.tsx(60,26): error TS18047: 'selectedPackage' is possibly 'null'.
src/features/(dashboard)/admin/components/standalone-initiate-order-modal.tsx(61,26): error TS18047: 'selectedPackage' is possibly 'null'.
src/features/(dashboard)/admin/components/standalone-initiate-order-modal.tsx(145,60): error TS2345: Argument of type 'AdminServicePackageRecord | undefined' is not assignable to parameter of type 'SetStateAction<LooseRecord | null>'.
  Type 'undefined' is not assignable to type 'SetStateAction<LooseRecord | null>'.
src/features/(dashboard)/guidance-hub/components/ai-guidance-assistant.tsx(5,10): error TS2724: '"ai"' has no exported member named 'Message'. Did you mean 'UIMessage'?
src/features/(dashboard)/guidance-hub/components/ai-guidance-assistant.tsx(29,5): error TS2353: Object literal may only specify known properties, and 'api' does not exist in type 'UseChatOptions<UIMessage<unknown, UIDataTypes, UITools>>'.
src/features/(dashboard)/guidance-hub/components/ai-guidance-assistant.tsx(142,53): error TS7006: Parameter 'part' implicitly has an 'any' type.
src/features/(dashboard)/guidance-hub/components/ai-guidance-assistant.tsx(142,59): error TS7006: Parameter 'i' implicitly has an 'any' type.
src/features/(dashboard)/mentorship/components/time-slot-picker.tsx(44,6): error TS2554: Expected 0-1 arguments, but got 2.
src/features/(dashboard)/mentorship/components/time-slot-picker.tsx(160,33): error TS7006: Parameter 'time' implicitly has an 'any' type.
src/features/(dashboard)/overview/components/interactive-roadmap-flow.tsx(86,19): error TS2339: Property 'toggleStage' does not exist on type 'DashboardState'.
src/features/(dashboard)/overview/components/mission-control.tsx(196,19): error TS2339: Property 'toggleStage' does not exist on type 'DashboardState'.
src/features/(dashboard)/profile/components/academic-profile-modal.tsx(216,43): error TS2322: Type '{ className: string; placeholder: string; onChange: (...event: any[]) => void; onBlur: Noop; value: string | { id: string; reflection: string; role: string; company: string; duration: string; }[] | { ...; }[] | undefined; disabled?: boolean | undefined; name: requiredKeys<...> | optionalKeys<...>; ref: RefCallBack; }' is not assignable to type 'InputHTMLAttributes<HTMLInputElement>'.
  Types of property 'value' are incompatible.
    Type 'string | { id: string; reflection: string; role: string; company: string; duration: string; }[] | { status: "Interested" | "Applied" | "Interview" | "Offer" | "Rejected"; id: string; university: string; course: string; }[] | undefined' is not assignable to type 'string | number | readonly string[] | undefined'.
      Type '{ id: string; reflection: string; role: string; company: string; duration: string; }[]' is not assignable to type 'string | number | readonly string[] | undefined'.
        Type '{ id: string; reflection: string; role: string; company: string; duration: string; }[]' is not assignable to type 'readonly string[]'.
          Type '{ id: string; reflection: string; role: string; company: string; duration: string; }' is not assignable to type 'string'.
